// 重构日志: 39f04528
// 同步 ID: 97a8c5ee @ Sat Jul 11 15:31:34 UTC 2026
// 重构日志: 09808175
// 同步 ID: a8076232 @ Tue Jul 14 07:17:51 UTC 2026
// 重构日志: f9bbc0f5
// 同步 ID: 8a707a18 @ Sat Jul 18 06:45:06 UTC 2026
// 重构日志: 0896dfb3
// 同步 ID: 3076336b @ Sat Jul 18 18:29:15 UTC 2026
// 重构日志: 8b387761
// 重构日志: 9a3753ab
// 重构日志: 4202bd59
// 重构日志: e88b8da0
// 重构日志: 3ac8f458
// 重构日志: 1c1cb2ca
// 同步 ID: 9842e14f @ Tue Jul 28 16:58:07 UTC 2026
// 同步 ID: f6db9512 @ Wed Jul 29 20:39:16 UTC 2026
// 同步 ID: cab7e056 @ Fri Jul 31 08:58:32 UTC 2026
// 重构日志: f3b386a9
// 同步 ID: 9cebe653 @ Sun Aug  2 09:00:25 UTC 2026
// 同步 ID: 8de2e210 @ Sun Aug  2 13:32:51 UTC 2026
// 重构日志: 65f5450e
// 同步 ID: 1a1d6067 @ Wed Aug  5 01:11:21 UTC 2026
// 重构日志: f94a00c6
// 重构日志: b26cfa86
// 重构日志: d3207c81
// 同步 ID: 51122543 @ Thu Aug  6 07:14:37 UTC 2026
// 重构日志: db19ce27
// 重构日志: 276f59d1
// 同步 ID: 7b621839 @ Fri Aug  7 04:36:00 UTC 2026
